// Jest Snapshot v1, https://goo.gl/fbAQLP

exports[`shoud not go negative 1`] = `[Function]`;

exports[`should render 0 1`] = `
<span>
  Value: 
  0
  <button
    className="decrement"
    onClick={[Function]}
  >
     minus 
  </button>
  &gt;
  <button
    className="increment"
    onClick={[Function]}
  >
     plus 
  </button>
</span>
`;

exports[`should render 2 1`] = `
<span>
  Value: 
  0
  <button
    className="decrement"
    onClick={[Function]}
  >
     minus 
  </button>
  &gt;
  <button
    className="increment"
    onClick={[Function]}
  >
     plus 
  </button>
</span>
`;
